// Jest Snapshot v1, https://goo.gl/fbAQLP

exports[`CompoundButton default 1`] = `
<View
  accessibilityLabel="Default Button"
  accessibilityRole="button"
  accessibilityState={
    Object {
      "disabled": false,
    }
  }
  accessible={true}
  focusable={true}
  iconPosition="before"
  onBlur={[Function]}
  onClick={[Function]}
  onFocus={[Function]}
  onKeyUp={[Function]}
  onPress={[Function]}
  onResponderGrant={[Function]}
  onResponderMove={[Function]}
  onResponderRelease={[Function]}
  onResponderTerminate={[Function]}
  onResponderTerminationRequest={[Function]}
  onStartShouldSetResponder={[Function]}
  style={
    Object {
      "alignItems": "center",
      "alignSelf": "flex-start",
      "backgroundColor": "#f3f2f1",
      "borderColor": "#8a8886",
      "borderRadius": 4,
      "borderWidth": 1,
      "display": "flex",
      "flexDirection": "row",
      "justifyContent": "center",
      "minWidth": 96,
      "padding": 11,
      "paddingHorizontal": 11,
    }
  }
>
  <View
    style={
      Object {
        "display": "flex",
        "flexDirection": "column",
      }
    }
  >
    <Text
      style={
        Object {
          "color": "#323130",
          "fontFamily": "Segoe UI",
          "fontSize": 14,
          "fontWeight": "600",
          "margin": 0,
          "marginBottom": 0,
          "marginLeft": 0,
          "marginRight": 0,
          "marginTop": 0,
        }
      }
    >
      Default Button
    </Text>
    <Text
      style={
        Object {
          "fontFamily": "Segoe UI",
          "fontSize": 12,
          "fontWeight": "400",
          "margin": 0,
          "marginBottom": 0,
          "marginLeft": 0,
          "marginRight": 0,
          "marginTop": 0,
        }
      }
    >
      sublabel
    </Text>
  </View>
</View>
`;
