// Jest Snapshot v1, https://goo.gl/fbAQLP

exports[`Icon component tests SVG Icon 1`] = `null`;
