// Jest Snapshot v1, https://goo.gl/fbAQLP

exports[`Button component tests Button circular 1`] = `
<View
  accessibilityRole="button"
  accessibilityState={
    Object {
      "disabled": false,
    }
  }
  accessible={true}
  focusable={true}
  onBlur={[Function]}
  onClick={[Function]}
  onFocus={[Function]}
  onPress={[Function]}
  onResponderGrant={[Function]}
  onResponderMove={[Function]}
  onResponderRelease={[Function]}
  onResponderTerminate={[Function]}
  onResponderTerminationRequest={[Function]}
  onStartShouldSetResponder={[Function]}
  shape="circular"
  style={
    Object {
      "alignItems": "center",
      "alignSelf": "flex-start",
      "backgroundColor": "#f3f2f1",
      "borderColor": "#8a8886",
      "borderRadius": 9999,
      "borderWidth": 1,
      "display": "flex",
      "flexDirection": "row",
      "justifyContent": "center",
      "minWidth": 96,
      "padding": 5,
      "paddingHorizontal": 15,
      "width": undefined,
    }
  }
>
  <Text
    style={
      Object {
        "color": "#323130",
        "fontFamily": "Segoe UI",
        "fontSize": 14,
        "fontWeight": "600",
        "margin": 0,
        "marginBottom": 0,
        "marginLeft": 0,
        "marginRight": 0,
        "marginTop": 0,
      }
    }
  >
    Circular Button
  </Text>
</View>
`;

exports[`Button component tests Button default 1`] = `
<View
  accessibilityRole="button"
  accessibilityState={
    Object {
      "disabled": false,
    }
  }
  accessible={true}
  focusable={true}
  onBlur={[Function]}
  onClick={[Function]}
  onFocus={[Function]}
  onPress={[Function]}
  onResponderGrant={[Function]}
  onResponderMove={[Function]}
  onResponderRelease={[Function]}
  onResponderTerminate={[Function]}
  onResponderTerminationRequest={[Function]}
  onStartShouldSetResponder={[Function]}
  style={
    Object {
      "alignItems": "center",
      "alignSelf": "flex-start",
      "backgroundColor": "#f3f2f1",
      "borderColor": "#8a8886",
      "borderRadius": 4,
      "borderWidth": 1,
      "display": "flex",
      "flexDirection": "row",
      "justifyContent": "center",
      "minWidth": 96,
      "padding": 5,
      "paddingHorizontal": 15,
      "width": undefined,
    }
  }
>
  <Text
    style={
      Object {
        "color": "#323130",
        "fontFamily": "Segoe UI",
        "fontSize": 14,
        "fontWeight": "600",
        "margin": 0,
        "marginBottom": 0,
        "marginLeft": 0,
        "marginRight": 0,
        "marginTop": 0,
      }
    }
  >
    Default Button
  </Text>
</View>
`;

exports[`Button component tests Button large 1`] = `
<View
  accessibilityRole="button"
  accessibilityState={
    Object {
      "disabled": false,
    }
  }
  accessible={true}
  focusable={true}
  onBlur={[Function]}
  onClick={[Function]}
  onFocus={[Function]}
  onPress={[Function]}
  onResponderGrant={[Function]}
  onResponderMove={[Function]}
  onResponderRelease={[Function]}
  onResponderTerminate={[Function]}
  onResponderTerminationRequest={[Function]}
  onStartShouldSetResponder={[Function]}
  size="large"
  style={
    Object {
      "alignItems": "center",
      "alignSelf": "flex-start",
      "backgroundColor": "#f3f2f1",
      "borderColor": "#8a8886",
      "borderRadius": 4,
      "borderWidth": 1,
      "display": "flex",
      "flexDirection": "row",
      "justifyContent": "center",
      "minWidth": 96,
      "padding": 7,
      "paddingHorizontal": 15,
      "width": undefined,
    }
  }
>
  <Text
    style={
      Object {
        "color": "#323130",
        "fontFamily": "Segoe UI",
        "fontSize": 16,
        "fontWeight": "600",
        "margin": 0,
        "marginBottom": 0,
        "marginLeft": 0,
        "marginRight": 0,
        "marginTop": 0,
      }
    }
  >
    Large Button
  </Text>
</View>
`;

exports[`Button component tests Button primary 1`] = `
<View
  accessibilityRole="button"
  accessibilityState={
    Object {
      "disabled": false,
    }
  }
  accessible={true}
  appearance="primary"
  focusable={true}
  onBlur={[Function]}
  onClick={[Function]}
  onFocus={[Function]}
  onPress={[Function]}
  onResponderGrant={[Function]}
  onResponderMove={[Function]}
  onResponderRelease={[Function]}
  onResponderTerminate={[Function]}
  onResponderTerminationRequest={[Function]}
  onStartShouldSetResponder={[Function]}
  style={
    Object {
      "alignItems": "center",
      "alignSelf": "flex-start",
      "backgroundColor": "#0078d4",
      "borderColor": "#005a9e",
      "borderRadius": 4,
      "borderWidth": 1,
      "display": "flex",
      "flexDirection": "row",
      "justifyContent": "center",
      "minWidth": 96,
      "padding": 5,
      "paddingHorizontal": 15,
      "width": undefined,
    }
  }
>
  <Text
    style={
      Object {
        "color": "#ffffff",
        "fontFamily": "Segoe UI",
        "fontSize": 14,
        "fontWeight": "600",
        "margin": 0,
        "marginBottom": 0,
        "marginLeft": 0,
        "marginRight": 0,
        "marginTop": 0,
      }
    }
  >
    Primary Button
  </Text>
</View>
`;

exports[`Button component tests Button small 1`] = `
<View
  accessibilityRole="button"
  accessibilityState={
    Object {
      "disabled": false,
    }
  }
  accessible={true}
  focusable={true}
  onBlur={[Function]}
  onClick={[Function]}
  onFocus={[Function]}
  onPress={[Function]}
  onResponderGrant={[Function]}
  onResponderMove={[Function]}
  onResponderRelease={[Function]}
  onResponderTerminate={[Function]}
  onResponderTerminationRequest={[Function]}
  onStartShouldSetResponder={[Function]}
  size="small"
  style={
    Object {
      "alignItems": "center",
      "alignSelf": "flex-start",
      "backgroundColor": "#f3f2f1",
      "borderColor": "#8a8886",
      "borderRadius": 4,
      "borderWidth": 1,
      "display": "flex",
      "flexDirection": "row",
      "justifyContent": "center",
      "minWidth": 64,
      "padding": 3,
      "paddingHorizontal": 11,
      "width": undefined,
    }
  }
>
  <Text
    style={
      Object {
        "color": "#323130",
        "fontFamily": "Segoe UI",
        "fontSize": 12,
        "fontWeight": "400",
        "margin": 0,
        "marginBottom": 0,
        "marginLeft": 0,
        "marginRight": 0,
        "marginTop": 0,
      }
    }
  >
    Small Button
  </Text>
</View>
`;

exports[`Button component tests Button square 1`] = `
<View
  accessibilityRole="button"
  accessibilityState={
    Object {
      "disabled": false,
    }
  }
  accessible={true}
  focusable={true}
  onBlur={[Function]}
  onClick={[Function]}
  onFocus={[Function]}
  onPress={[Function]}
  onResponderGrant={[Function]}
  onResponderMove={[Function]}
  onResponderRelease={[Function]}
  onResponderTerminate={[Function]}
  onResponderTerminationRequest={[Function]}
  onStartShouldSetResponder={[Function]}
  shape="square"
  style={
    Object {
      "alignItems": "center",
      "alignSelf": "flex-start",
      "backgroundColor": "#f3f2f1",
      "borderColor": "#8a8886",
      "borderRadius": 0,
      "borderWidth": 1,
      "display": "flex",
      "flexDirection": "row",
      "justifyContent": "center",
      "minWidth": 96,
      "padding": 5,
      "paddingHorizontal": 15,
      "width": undefined,
    }
  }
>
  <Text
    style={
      Object {
        "color": "#323130",
        "fontFamily": "Segoe UI",
        "fontSize": 14,
        "fontWeight": "600",
        "margin": 0,
        "marginBottom": 0,
        "marginLeft": 0,
        "marginRight": 0,
        "marginTop": 0,
      }
    }
  >
    Square Button
  </Text>
</View>
`;

exports[`Button component tests Button subtle 1`] = `
<View
  accessibilityRole="button"
  accessibilityState={
    Object {
      "disabled": false,
    }
  }
  accessible={true}
  appearance="subtle"
  focusable={true}
  onBlur={[Function]}
  onClick={[Function]}
  onFocus={[Function]}
  onPress={[Function]}
  onResponderGrant={[Function]}
  onResponderMove={[Function]}
  onResponderRelease={[Function]}
  onResponderTerminate={[Function]}
  onResponderTerminationRequest={[Function]}
  onStartShouldSetResponder={[Function]}
  style={
    Object {
      "alignItems": "center",
      "alignSelf": "flex-start",
      "backgroundColor": "#ffffff",
      "borderColor": "#ffffff",
      "borderRadius": 4,
      "borderWidth": 1,
      "display": "flex",
      "flexDirection": "row",
      "justifyContent": "center",
      "minWidth": 96,
      "padding": 5,
      "paddingHorizontal": 15,
      "width": undefined,
    }
  }
>
  <Text
    style={
      Object {
        "color": "#323130",
        "fontFamily": "Segoe UI",
        "fontSize": 14,
        "fontWeight": "600",
        "margin": 0,
        "marginBottom": 0,
        "marginLeft": 0,
        "marginRight": 0,
        "marginTop": 0,
      }
    }
  >
    Subtle Button
  </Text>
</View>
`;
