// Jest Snapshot v1, https://goo.gl/fbAQLP

exports[`Checkbox component tests Checkbox all props 1`] = `
<View
  accessibilityActions={
    Array [
      Object {
        "name": "Toggle",
      },
    ]
  }
  accessibilityLabel="All Props Checkbox"
  accessibilityRole="checkbox"
  accessibilityState={
    Object {
      "checked": true,
      "disabled": true,
      "required": true,
    }
  }
  accessible={true}
  defaultChecked={true}
  disabled={true}
  enableFocusRing={true}
  focusable={false}
  labelPosition="before"
  onAccessibilityAction={[Function]}
  onBlur={[Function]}
  onChange={[Function]}
  onClick={[Function]}
  onFocus={[Function]}
  onPress={[Function]}
  onResponderGrant={[Function]}
  onResponderMove={[Function]}
  onResponderRelease={[Function]}
  onResponderTerminate={[Function]}
  onResponderTerminationRequest={[Function]}
  onStartShouldSetResponder={[Function]}
  shape="circular"
  size="large"
  style={
    Object {
      "alignItems": "center",
      "alignSelf": "flex-start",
      "backgroundColor": undefined,
      "borderRadius": 4,
      "display": "flex",
      "flexDirection": "row",
      "padding": 8,
      "paddingHorizontal": undefined,
    }
  }
>
  <Text
    style={
      Object {
        "color": "#a19f9d",
        "fontFamily": "Segoe UI",
        "fontSize": 14,
        "fontWeight": "400",
        "margin": 0,
        "marginEnd": 12,
      }
    }
  >
    All Props Checkbox
  </Text>
  <Text
    style={
      Object {
        "color": "#690a19",
        "fontFamily": "Segoe UI",
        "fontSize": 14,
        "fontWeight": "400",
        "margin": 0,
        "paddingStart": 8,
      }
    }
  >
    *
  </Text>
  <View
    style={
      Object {
        "alignItems": "center",
        "backgroundColor": "#ffffff",
        "borderColor": "#f3f2f1",
        "borderRadius": 9999,
        "borderWidth": 1,
        "height": 20,
        "justifyContent": "center",
        "width": 20,
      }
    }
  >
    <RNSVGSvgView
      align="xMidYMid"
      bbHeight={10}
      bbWidth={10}
      color={-4342339}
      focusable={false}
      meetOrSlice={0}
      minX={0}
      minY={0}
      style={
        Array [
          Object {
            "backgroundColor": "transparent",
            "borderWidth": 0,
          },
          Object {
            "color": "#bdbdbd",
            "height": 10,
            "opacity": 1,
            "width": 10,
          },
          Object {
            "flex": 0,
            "height": 10,
            "width": 10,
          },
        ]
      }
      tintColor={-4342339}
      vbHeight={8}
      vbWidth={11}
    >
      <RNSVGGroup
        opacity={1}
      >
        <RNSVGPath
          d="M10.2637 1.26367L4 7.5332L0.736328 4.26367L1.26367 3.73633L4 6.4668L9.73633 0.736328L10.2637 1.26367Z"
          fill={
            Array [
              2,
            ]
          }
          propList={
            Array [
              "fill",
            ]
          }
        />
      </RNSVGGroup>
    </RNSVGSvgView>
  </View>
</View>
`;

exports[`Checkbox component tests Checkbox all tokens 1`] = `
<View
  accessibilityActions={
    Array [
      Object {
        "name": "Toggle",
      },
    ]
  }
  accessibilityLabel="All Tokens Checkbox"
  accessibilityRole="checkbox"
  accessibilityState={
    Object {
      "checked": false,
      "disabled": false,
      "required": false,
    }
  }
  accessible={true}
  defaultChecked={false}
  enableFocusRing={true}
  focusable={true}
  onAccessibilityAction={[Function]}
  onBlur={[Function]}
  onChange={[Function]}
  onClick={[Function]}
  onFocus={[Function]}
  onPress={[Function]}
  onResponderGrant={[Function]}
  onResponderMove={[Function]}
  onResponderRelease={[Function]}
  onResponderTerminate={[Function]}
  onResponderTerminationRequest={[Function]}
  onStartShouldSetResponder={[Function]}
  style={
    Object {
      "alignItems": "center",
      "alignSelf": "flex-start",
      "backgroundColor": "purple",
      "borderColor": "green",
      "borderRadius": 4,
      "borderWidth": 2,
      "display": "flex",
      "flexDirection": "row",
      "padding": 8,
      "paddingHorizontal": undefined,
    }
  }
>
  <View
    style={
      Object {
        "alignItems": "center",
        "backgroundColor": "blue",
        "borderColor": "red",
        "borderRadius": 2,
        "borderWidth": 1,
        "height": 16,
        "justifyContent": "center",
        "width": 16,
      }
    }
  >
    <RNSVGSvgView
      align="xMidYMid"
      bbHeight={8}
      bbWidth={8}
      color={-16181}
      focusable={false}
      meetOrSlice={0}
      minX={0}
      minY={0}
      style={
        Array [
          Object {
            "backgroundColor": "transparent",
            "borderWidth": 0,
          },
          Object {
            "color": "pink",
            "height": 8,
            "opacity": 0.7,
            "width": 8,
          },
          Object {
            "flex": 0,
            "height": 8,
            "width": 8,
          },
        ]
      }
      tintColor={-16181}
      vbHeight={8}
      vbWidth={11}
    >
      <RNSVGGroup
        opacity={0.7}
      >
        <RNSVGPath
          d="M10.2637 1.26367L4 7.5332L0.736328 4.26367L1.26367 3.73633L4 6.4668L9.73633 0.736328L10.2637 1.26367Z"
          fill={
            Array [
              2,
            ]
          }
          propList={
            Array [
              "fill",
            ]
          }
        />
      </RNSVGGroup>
    </RNSVGSvgView>
  </View>
  <Text
    style={
      Object {
        "color": "yellow",
        "fontFamily": "Wingdings",
        "fontSize": 20,
        "fontWeight": "900",
        "margin": 0,
        "marginEnd": 9,
        "marginStart": 12,
      }
    }
  >
    All Tokens Checkbox
  </Text>
</View>
`;

exports[`Checkbox component tests Checkbox composed 1`] = `
<View
  accessibilityActions={
    Array [
      Object {
        "name": "Toggle",
      },
    ]
  }
  accessibilityLabel="Composed Button with RNText"
  accessibilityRole="checkbox"
  accessibilityState={
    Object {
      "checked": undefined,
      "disabled": false,
      "required": false,
    }
  }
  accessible={true}
  enableFocusRing={true}
  focusable={true}
  onAccessibilityAction={[Function]}
  onBlur={[Function]}
  onClick={[Function]}
  onFocus={[Function]}
  onPress={[Function]}
  onResponderGrant={[Function]}
  onResponderMove={[Function]}
  onResponderRelease={[Function]}
  onResponderTerminate={[Function]}
  onResponderTerminationRequest={[Function]}
  onStartShouldSetResponder={[Function]}
  style={
    Object {
      "alignItems": "center",
      "alignSelf": "flex-start",
      "backgroundColor": undefined,
      "borderRadius": 4,
      "display": "flex",
      "flexDirection": "row",
      "padding": 8,
      "paddingHorizontal": undefined,
    }
  }
>
  <View
    style={
      Object {
        "alignItems": "center",
        "backgroundColor": "#ffffff",
        "borderColor": "#323130",
        "borderRadius": 2,
        "borderWidth": 1,
        "height": 16,
        "justifyContent": "center",
        "width": 16,
      }
    }
  >
    <RNSVGSvgView
      align="xMidYMid"
      bbHeight={8}
      bbWidth={8}
      color={-14672098}
      focusable={false}
      meetOrSlice={0}
      minX={0}
      minY={0}
      style={
        Array [
          Object {
            "backgroundColor": "transparent",
            "borderWidth": 0,
          },
          Object {
            "color": "#201f1e",
            "height": 8,
            "opacity": 0,
            "width": 8,
          },
          Object {
            "flex": 0,
            "height": 8,
            "width": 8,
          },
        ]
      }
      tintColor={-14672098}
      vbHeight={8}
      vbWidth={11}
    >
      <RNSVGGroup
        opacity={0}
      >
        <RNSVGPath
          d="M10.2637 1.26367L4 7.5332L0.736328 4.26367L1.26367 3.73633L4 6.4668L9.73633 0.736328L10.2637 1.26367Z"
          fill={
            Array [
              2,
            ]
          }
          propList={
            Array [
              "fill",
            ]
          }
        />
      </RNSVGGroup>
    </RNSVGSvgView>
  </View>
  <Text
    style={
      Object {
        "color": "#323130",
        "fontFamily": "Segoe UI",
        "fontSize": 14,
        "fontWeight": "400",
        "marginStart": 12,
      }
    }
  >
    Composed Button with RNText
  </Text>
</View>
`;

exports[`Checkbox component tests Checkbox default 1`] = `
<View
  accessibilityActions={
    Array [
      Object {
        "name": "Toggle",
      },
    ]
  }
  accessibilityLabel="Default Checkbox"
  accessibilityRole="checkbox"
  accessibilityState={
    Object {
      "checked": false,
      "disabled": false,
      "required": false,
    }
  }
  accessible={true}
  defaultChecked={false}
  enableFocusRing={true}
  focusable={true}
  onAccessibilityAction={[Function]}
  onBlur={[Function]}
  onChange={[Function]}
  onClick={[Function]}
  onFocus={[Function]}
  onPress={[Function]}
  onResponderGrant={[Function]}
  onResponderMove={[Function]}
  onResponderRelease={[Function]}
  onResponderTerminate={[Function]}
  onResponderTerminationRequest={[Function]}
  onStartShouldSetResponder={[Function]}
  style={
    Object {
      "alignItems": "center",
      "alignSelf": "flex-start",
      "backgroundColor": undefined,
      "borderRadius": 4,
      "display": "flex",
      "flexDirection": "row",
      "padding": 8,
      "paddingHorizontal": undefined,
    }
  }
>
  <View
    style={
      Object {
        "alignItems": "center",
        "backgroundColor": "#ffffff",
        "borderColor": "#323130",
        "borderRadius": 2,
        "borderWidth": 1,
        "height": 16,
        "justifyContent": "center",
        "width": 16,
      }
    }
  >
    <RNSVGSvgView
      align="xMidYMid"
      bbHeight={8}
      bbWidth={8}
      color={-14672098}
      focusable={false}
      meetOrSlice={0}
      minX={0}
      minY={0}
      style={
        Array [
          Object {
            "backgroundColor": "transparent",
            "borderWidth": 0,
          },
          Object {
            "color": "#201f1e",
            "height": 8,
            "opacity": 0,
            "width": 8,
          },
          Object {
            "flex": 0,
            "height": 8,
            "width": 8,
          },
        ]
      }
      tintColor={-14672098}
      vbHeight={8}
      vbWidth={11}
    >
      <RNSVGGroup
        opacity={0}
      >
        <RNSVGPath
          d="M10.2637 1.26367L4 7.5332L0.736328 4.26367L1.26367 3.73633L4 6.4668L9.73633 0.736328L10.2637 1.26367Z"
          fill={
            Array [
              2,
            ]
          }
          propList={
            Array [
              "fill",
            ]
          }
        />
      </RNSVGGroup>
    </RNSVGSvgView>
  </View>
  <Text
    style={
      Object {
        "color": "#323130",
        "fontFamily": "Segoe UI",
        "fontSize": 14,
        "fontWeight": "400",
        "margin": 0,
        "marginStart": 12,
      }
    }
  >
    Default Checkbox
  </Text>
</View>
`;

exports[`Checkbox component tests Checkbox no label 1`] = `
<View
  accessibilityActions={
    Array [
      Object {
        "name": "Toggle",
      },
    ]
  }
  accessibilityRole="checkbox"
  accessibilityState={
    Object {
      "checked": false,
      "disabled": false,
      "required": false,
    }
  }
  accessible={true}
  defaultChecked={false}
  enableFocusRing={true}
  focusable={true}
  onAccessibilityAction={[Function]}
  onBlur={[Function]}
  onChange={[Function]}
  onClick={[Function]}
  onFocus={[Function]}
  onPress={[Function]}
  onResponderGrant={[Function]}
  onResponderMove={[Function]}
  onResponderRelease={[Function]}
  onResponderTerminate={[Function]}
  onResponderTerminationRequest={[Function]}
  onStartShouldSetResponder={[Function]}
  style={
    Object {
      "alignItems": "center",
      "alignSelf": "flex-start",
      "backgroundColor": undefined,
      "borderRadius": 2,
      "display": "flex",
      "flexDirection": "row",
      "padding": 4,
      "paddingHorizontal": undefined,
    }
  }
>
  <View
    style={
      Object {
        "alignItems": "center",
        "backgroundColor": "#ffffff",
        "borderColor": "#323130",
        "borderRadius": 2,
        "borderWidth": 1,
        "height": 16,
        "justifyContent": "center",
        "width": 16,
      }
    }
  >
    <RNSVGSvgView
      align="xMidYMid"
      bbHeight={8}
      bbWidth={8}
      color={-14672098}
      focusable={false}
      meetOrSlice={0}
      minX={0}
      minY={0}
      style={
        Array [
          Object {
            "backgroundColor": "transparent",
            "borderWidth": 0,
          },
          Object {
            "color": "#201f1e",
            "height": 8,
            "opacity": 0,
            "width": 8,
          },
          Object {
            "flex": 0,
            "height": 8,
            "width": 8,
          },
        ]
      }
      tintColor={-14672098}
      vbHeight={8}
      vbWidth={11}
    >
      <RNSVGGroup
        opacity={0}
      >
        <RNSVGPath
          d="M10.2637 1.26367L4 7.5332L0.736328 4.26367L1.26367 3.73633L4 6.4668L9.73633 0.736328L10.2637 1.26367Z"
          fill={
            Array [
              2,
            ]
          }
          propList={
            Array [
              "fill",
            ]
          }
        />
      </RNSVGGroup>
    </RNSVGSvgView>
  </View>
  <Text
    style={
      Object {
        "color": "#323130",
        "fontFamily": "Segoe UI",
        "fontSize": 14,
        "fontWeight": "400",
        "margin": 0,
      }
    }
  />
</View>
`;
