// Jest Snapshot v1, https://goo.gl/fbAQLP

exports[`Button default 1`] = `
<View
  accessibilityLabel="Default Button"
  accessibilityRole="button"
  accessibilityState={
    {
      "disabled": false,
    }
  }
  accessible={true}
  focusable={true}
  onBlur={[Function]}
  onClick={[Function]}
  onFocus={[Function]}
  onPress={[Function]}
  onResponderGrant={[Function]}
  onResponderMove={[Function]}
  onResponderRelease={[Function]}
  onResponderTerminate={[Function]}
  onResponderTerminationRequest={[Function]}
  onStartShouldSetResponder={[Function]}
  style={
    {
      "alignItems": "flex-start",
      "alignSelf": "flex-start",
      "backgroundColor": "#f3f2f1",
      "borderColor": "#8a8886",
      "borderRadius": 4,
      "borderWidth": 1,
      "display": "flex",
      "flexDirection": "row",
    }
  }
>
  <View>
    <View
      style={
        {
          "alignItems": "center",
          "alignSelf": "flex-start",
          "display": "flex",
          "flexDirection": "row",
          "justifyContent": "center",
          "minHeight": 24,
          "minWidth": 32,
          "paddingEnd": 6,
          "paddingStart": 6,
        }
      }
    >
      <Text
        style={
          {
            "color": "#323130",
            "fontFamily": "System",
            "fontSize": 13,
            "fontWeight": "400",
            "margin": 0,
            "marginEnd": 2,
            "marginStart": 2,
          }
        }
      >
        Default Button
      </Text>
    </View>
  </View>
</View>
`;
