// Jest Snapshot v1, https://goo.gl/fbAQLP

exports[`Button default 1`] = `
<View
  acceptsKeyboardFocus={true}
  accessibilityLabel="Default Button"
  accessibilityRole="button"
  accessible={true}
  onBlur={[Function]}
  onFocus={[Function]}
  onMouseEnter={[Function]}
  onMouseLeave={[Function]}
  onTouchCancel={[Function]}
  onTouchEnd={[Function]}
  onTouchStart={[Function]}
  style={
    Object {
      "alignItems": "flex-start",
      "alignSelf": "flex-start",
      "backgroundColor": "#D2D2D2",
      "borderColor": "transparent",
      "borderWidth": 1,
      "display": "flex",
      "flexDirection": "row",
    }
  }
>
  <View
    style={
      Object {
        "alignItems": "center",
        "alignSelf": "flex-start",
        "display": "flex",
        "flexDirection": "row",
        "justifyContent": "center",
        "minHeight": 32,
        "minWidth": 80,
        "paddingEnd": 16,
        "paddingStart": 16,
      }
    }
  >
    <Text
      style={
        Object {
          "color": "#505050",
          "fontFamily": "Segoe UI",
          "fontSize": 12,
          "fontWeight": "500",
          "margin": 0,
        }
      }
    >
      Default Button
    </Text>
  </View>
</View>
`;
