// Jest Snapshot v1, https://goo.gl/fbAQLP

exports[`ToggleButton default 1`] = `
<View
  accessibilityActions={
    Array [
      Object {
        "name": "Toggle",
      },
    ]
  }
  accessibilityLabel="Default Button"
  accessibilityRole="button"
  accessibilityState={
    Object {
      "checked": undefined,
    }
  }
  accessible={true}
  enableFocusRing={true}
  focusable={true}
  keyUpEvents={
    Array [
      Object {
        "key": " ",
      },
      Object {
        "key": "Enter",
      },
    ]
  }
  onAccessibilityAction={[Function]}
  onBlur={[Function]}
  onClick={[Function]}
  onFocus={[Function]}
  onKeyDown={[Function]}
  onKeyUp={[Function]}
  onMouseEnter={[Function]}
  onMouseLeave={[Function]}
  onResponderGrant={[Function]}
  onResponderMove={[Function]}
  onResponderRelease={[Function]}
  onResponderTerminate={[Function]}
  onResponderTerminationRequest={[Function]}
  onStartShouldSetResponder={[Function]}
  style={
    Object {
      "alignItems": "center",
      "alignSelf": "flex-start",
      "backgroundColor": "#ffffff",
      "borderColor": "#d1d1d1",
      "borderRadius": 4,
      "borderWidth": 1,
      "display": "flex",
      "flexDirection": "row",
      "justifyContent": "center",
      "minHeight": 32,
      "minWidth": 64,
      "padding": 3,
      "paddingHorizontal": 7,
      "width": undefined,
    }
  }
>
  <Text
    ellipsizeMode="tail"
    numberOfLines={0}
    onAccessibilityTap={[Function]}
    style={
      Object {
        "color": "#242424",
        "fontFamily": "Segoe UI",
        "fontSize": 12,
        "fontWeight": "400",
        "margin": 0,
        "marginBottom": 1,
        "marginEnd": -2,
        "marginStart": 0,
        "marginTop": -1,
      }
    }
  >
    Default Button
  </Text>
</View>
`;
