// Jest Snapshot v1, https://goo.gl/fbAQLP

exports[`Callout default props 1`] = `
<RCTCallout
  style={
    Object {
      "backgroundColor": "#faf9f8",
      "borderColor": "#ffffff",
      "borderWidth": 1,
    }
  }
/>
`;
